[dotenv@17.2.3] injecting env (9) from .env -- tip: ⚙️  specify custom .env file path with { path: '/custom/path/.env' }
[dotenv@17.2.3] injecting env (0) from .env -- tip: ⚙️  suppress all logs with { quiet: true }
Server running on port 5000
Connected to MariaDB
[getPatientDetails] Request for ID: 6
Starting Google Import...
Fetched 1000 contacts from Google.
Error importing contact: SqlError: (conn:84, no: 1406, SQLState: 22001) Data too long for column 'username' at row 1
sql: INSERT INTO users (username, password_hash, role) VALUES (?, ?, 'patient') - parameters:['pac.noeli.hernaez.mujer.de.mariano.antonio.(balda)444','$2b$10$feK1IfM3/cuR2M2ThgC6A.CsSphx67DH6rxHZWMxm66WYokGskXtC']
    at module.exports.createError (/home/cima/Documentos/secretary-app/server/node_modules/mariadb/lib/misc/errors.js:66:10)
    at PacketNodeEncoded.readError (/home/cima/Documentos/secretary-app/server/node_modules/mariadb/lib/io/packet.js:588:19)
    at Query.handleErrorPacket (/home/cima/Documentos/secretary-app/server/node_modules/mariadb/lib/cmd/parser.js:92:24)
    at Query.readResponsePacket (/home/cima/Documentos/secretary-app/server/node_modules/mariadb/lib/cmd/parser.js:70:21)
    at PacketInputStream.receivePacketBasic (/home/cima/Documentos/secretary-app/server/node_modules/mariadb/lib/io/packet-input-stream.js:85:9)
    at PacketInputStream.onData (/home/cima/Documentos/secretary-app/server/node_modules/mariadb/lib/io/packet-input-stream.js:135:20)
    at Socket.emit (node:events:519:28)
    at addChunk (node:internal/streams/readable:561:12)
    at readableAddChunkPushByteMode (node:internal/streams/readable:512:3)
    at Readable.push (node:internal/streams/readable:392:5) {
  sqlMessage: "Data too long for column 'username' at row 1",
  sql: "INSERT INTO users (username, password_hash, role) VALUES (?, ?, 'patient') - parameters:['pac.noeli.hernaez.mujer.de.mariano.antonio.(balda)444','$2b$10$feK1IfM3/cuR2M2ThgC6A.CsSphx67DH6rxHZWMxm66WYokGskXtC']",
  fatal: false,
  errno: 1406,
  sqlState: '22001',
  code: 'ER_DATA_TOO_LONG'
}
Error importing contact: SqlError: (conn:84, no: 1406, SQLState: 22001) Data too long for column 'username' at row 1
sql: INSERT INTO users (username, password_hash, role) VALUES (?, ?, 'patient') - parameters:['pac.viviana.fernandez.madre.de.maitena.(ludmila)313','$2b$10$mhzuoeD/EE12TjTa7cF3GevveWrZKuv.saYCxfea339w6mlq7LzV.']
    at module.exports.createError (/home/cima/Documentos/secretary-app/server/node_modules/mariadb/lib/misc/errors.js:66:10)
    at PacketNodeEncoded.readError (/home/cima/Documentos/secretary-app/server/node_modules/mariadb/lib/io/packet.js:588:19)
    at Query.handleErrorPacket (/home/cima/Documentos/secretary-app/server/node_modules/mariadb/lib/cmd/parser.js:92:24)
    at Query.readResponsePacket (/home/cima/Documentos/secretary-app/server/node_modules/mariadb/lib/cmd/parser.js:70:21)
    at PacketInputStream.receivePacketBasic (/home/cima/Documentos/secretary-app/server/node_modules/mariadb/lib/io/packet-input-stream.js:85:9)
    at PacketInputStream.onData (/home/cima/Documentos/secretary-app/server/node_modules/mariadb/lib/io/packet-input-stream.js:135:20)
    at Socket.emit (node:events:519:28)
    at addChunk (node:internal/streams/readable:561:12)
    at readableAddChunkPushByteMode (node:internal/streams/readable:512:3)
    at Readable.push (node:internal/streams/readable:392:5) {
  sqlMessage: "Data too long for column 'username' at row 1",
  sql: "INSERT INTO users (username, password_hash, role) VALUES (?, ?, 'patient') - parameters:['pac.viviana.fernandez.madre.de.maitena.(ludmila)313','$2b$10$mhzuoeD/EE12TjTa7cF3GevveWrZKuv.saYCxfea339w6mlq7LzV.']",
  fatal: false,
  errno: 1406,
  sqlState: '22001',
  code: 'ER_DATA_TOO_LONG'
}
Error importing contact: SqlError: (conn:84, no: 1406, SQLState: 22001) Data too long for column 'username' at row 1
sql: INSERT INTO users (username, password_hash, role) VALUES (?, ?, 'patient') - parameters:['pac.maría.eugenia.begbeder.catalina.dipaola(ballent)689','$2b$10$bXFAM9m8CUDmdMhSi.dSG.cqDnhNby5q2dfU1P5F.E6bcgedm9/Pu']
    at module.exports.createError (/home/cima/Documentos/secretary-app/server/node_modules/mariadb/lib/misc/errors.js:66:10)
    at PacketNodeEncoded.readError (/home/cima/Documentos/secretary-app/server/node_modules/mariadb/lib/io/packet.js:588:19)
    at Query.handleErrorPacket (/home/cima/Documentos/secretary-app/server/node_modules/mariadb/lib/cmd/parser.js:92:24)
    at Query.readResponsePacket (/home/cima/Documentos/secretary-app/server/node_modules/mariadb/lib/cmd/parser.js:70:21)
    at PacketInputStream.receivePacketBasic (/home/cima/Documentos/secretary-app/server/node_modules/mariadb/lib/io/packet-input-stream.js:85:9)
    at PacketInputStream.onData (/home/cima/Documentos/secretary-app/server/node_modules/mariadb/lib/io/packet-input-stream.js:135:20)
    at Socket.emit (node:events:519:28)
    at addChunk (node:internal/streams/readable:561:12)
    at readableAddChunkPushByteMode (node:internal/streams/readable:512:3)
    at Readable.push (node:internal/streams/readable:392:5) {
  sqlMessage: "Data too long for column 'username' at row 1",
  sql: "INSERT INTO users (username, password_hash, role) VALUES (?, ?, 'patient') - parameters:['pac.maría.eugenia.begbeder.catalina.dipaola(ballent)689','$2b$10$bXFAM9m8CUDmdMhSi.dSG.cqDnhNby5q2dfU1P5F.E6bcgedm9/Pu']",
  fatal: false,
  errno: 1406,
  sqlState: '22001',
  code: 'ER_DATA_TOO_LONG'
}
Error importing contact: SqlError: (conn:84, no: 1406, SQLState: 22001) Data too long for column 'username' at row 1
sql: INSERT INTO users (username, password_hash, role) VALUES (?, ?, 'patient') - parameters:['pac.cisnero.karina.madre.de.ludmila.hipólito(ludmila)764','$2b$10$ZNEPDryt8URo.eD5OWCI1ODh955Yclf8.WpMUZOAD8g7KH7Gy.eVe']
    at module.exports.createError (/home/cima/Documentos/secretary-app/server/node_modules/mariadb/lib/misc/errors.js:66:10)
    at PacketNodeEncoded.readError (/home/cima/Documentos/secretary-app/server/node_modules/mariadb/lib/io/packet.js:588:19)
    at Query.handleErrorPacket (/home/cima/Documentos/secretary-app/server/node_modules/mariadb/lib/cmd/parser.js:92:24)
    at Query.readResponsePacket (/home/cima/Documentos/secretary-app/server/node_modules/mariadb/lib/cmd/parser.js:70:21)
    at PacketInputStream.receivePacketBasic (/home/cima/Documentos/secretary-app/server/node_modules/mariadb/lib/io/packet-input-stream.js:85:9)
    at PacketInputStream.onData (/home/cima/Documentos/secretary-app/server/node_modules/mariadb/lib/io/packet-input-stream.js:135:20)
    at Socket.emit (node:events:519:28)
    at addChunk (node:internal/streams/readable:561:12)
    at readableAddChunkPushByteMode (node:internal/streams/readable:512:3)
    at Readable.push (node:internal/streams/readable:392:5) {
  sqlMessage: "Data too long for column 'username' at row 1",
  sql: "INSERT INTO users (username, password_hash, role) VALUES (?, ?, 'patient') - parameters:['pac.cisnero.karina.madre.de.ludmila.hipólito(ludmila)764','$2b$10$ZNEPDryt8URo.eD5OWCI1ODh955Yclf8.WpMUZOAD8g7KH7Gy.eVe']",
  fatal: false,
  errno: 1406,
  sqlState: '22001',
  code: 'ER_DATA_TOO_LONG'
}
Error importing contact: SqlError: (conn:84, no: 1406, SQLState: 22001) Data too long for column 'username' at row 1
sql: INSERT INTO users (username, password_hash, role) VALUES (?, ?, 'patient') - parameters:['nancy.benigno.amiga.de.gabriela.iriarte.(pac.carlos)637','$2b$10$RlQ/74sEp6p97z48dDJNA.gJhsMXsoIq5yHZo6OHqOM5xjcVm/6XS']
    at module.exports.createError (/home/cima/Documentos/secretary-app/server/node_modules/mariadb/lib/misc/errors.js:66:10)
    at PacketNodeEncoded.readError (/home/cima/Documentos/secretary-app/server/node_modules/mariadb/lib/io/packet.js:588:19)
    at Query.handleErrorPacket (/home/cima/Documentos/secretary-app/server/node_modules/mariadb/lib/cmd/parser.js:92:24)
    at Query.readResponsePacket (/home/cima/Documentos/secretary-app/server/node_modules/mariadb/lib/cmd/parser.js:70:21)
    at PacketInputStream.receivePacketBasic (/home/cima/Documentos/secretary-app/server/node_modules/mariadb/lib/io/packet-input-stream.js:85:9)
    at PacketInputStream.onData (/home/cima/Documentos/secretary-app/server/node_modules/mariadb/lib/io/packet-input-stream.js:135:20)
    at Socket.emit (node:events:519:28)
    at addChunk (node:internal/streams/readable:561:12)
    at readableAddChunkPushByteMode (node:internal/streams/readable:512:3)
    at Readable.push (node:internal/streams/readable:392:5) {
  sqlMessage: "Data too long for column 'username' at row 1",
  sql: "INSERT INTO users (username, password_hash, role) VALUES (?, ?, 'patient') - parameters:['nancy.benigno.amiga.de.gabriela.iriarte.(pac.carlos)637','$2b$10$RlQ/74sEp6p97z48dDJNA.gJhsMXsoIq5yHZo6OHqOM5xjcVm/6XS']",
  fatal: false,
  errno: 1406,
  sqlState: '22001',
  code: 'ER_DATA_TOO_LONG'
}
Error importing contact: SqlError: (conn:84, no: 1406, SQLState: 22001) Data too long for column 'username' at row 1
sql: INSERT INTO users (username, password_hash, role) VALUES (?, ?, 'patient') - parameters:['pac.milagros.aroutex.(madreelena.rubiera)(carlos)840','$2b$10$FSGBemRatrbRfL9tP01D/.tQ.7UJBoazhJzR8p1HBYp1pokj1fO0W']
    at module.exports.createError (/home/cima/Documentos/secretary-app/server/node_modules/mariadb/lib/misc/errors.js:66:10)
    at PacketNodeEncoded.readError (/home/cima/Documentos/secretary-app/server/node_modules/mariadb/lib/io/packet.js:588:19)
    at Query.handleErrorPacket (/home/cima/Documentos/secretary-app/server/node_modules/mariadb/lib/cmd/parser.js:92:24)
    at Query.readResponsePacket (/home/cima/Documentos/secretary-app/server/node_modules/mariadb/lib/cmd/parser.js:70:21)
    at PacketInputStream.receivePacketBasic (/home/cima/Documentos/secretary-app/server/node_modules/mariadb/lib/io/packet-input-stream.js:85:9)
    at PacketInputStream.onData (/home/cima/Documentos/secretary-app/server/node_modules/mariadb/lib/io/packet-input-stream.js:135:20)
    at Socket.emit (node:events:519:28)
    at addChunk (node:internal/streams/readable:561:12)
    at readableAddChunkPushByteMode (node:internal/streams/readable:512:3)
    at Readable.push (node:internal/streams/readable:392:5) {
  sqlMessage: "Data too long for column 'username' at row 1",
  sql: "INSERT INTO users (username, password_hash, role) VALUES (?, ?, 'patient') - parameters:['pac.milagros.aroutex.(madreelena.rubiera)(carlos)840','$2b$10$FSGBemRatrbRfL9tP01D/.tQ.7UJBoazhJzR8p1HBYp1pokj1fO0W']",
  fatal: false,
  errno: 1406,
  sqlState: '22001',
  code: 'ER_DATA_TOO_LONG'
}
Error importing contact: SqlError: (conn:84, no: 1406, SQLState: 22001) Data too long for column 'username' at row 1
sql: INSERT INTO users (username, password_hash, role) VALUES (?, ?, 'patient') - parameters:['pac.majo.fernández.hija.de.maría.alicia.domínguez863','$2b$10$anKWvl51uSLt8cXurZQ2l.CJ.cEvbQ7D8EvykJzVNro4FduUj776i']
    at module.exports.createError (/home/cima/Documentos/secretary-app/server/node_modules/mariadb/lib/misc/errors.js:66:10)
    at PacketNodeEncoded.readError (/home/cima/Documentos/secretary-app/server/node_modules/mariadb/lib/io/packet.js:588:19)
    at Query.handleErrorPacket (/home/cima/Documentos/secretary-app/server/node_modules/mariadb/lib/cmd/parser.js:92:24)
    at Query.readResponsePacket (/home/cima/Documentos/secretary-app/server/node_modules/mariadb/lib/cmd/parser.js:70:21)
    at PacketInputStream.receivePacketBasic (/home/cima/Documentos/secretary-app/server/node_modules/mariadb/lib/io/packet-input-stream.js:85:9)
    at PacketInputStream.onData (/home/cima/Documentos/secretary-app/server/node_modules/mariadb/lib/io/packet-input-stream.js:135:20)
    at Socket.emit (node:events:519:28)
    at addChunk (node:internal/streams/readable:561:12)
    at readableAddChunkPushByteMode (node:internal/streams/readable:512:3)
    at Readable.push (node:internal/streams/readable:392:5) {
  sqlMessage: "Data too long for column 'username' at row 1",
  sql: "INSERT INTO users (username, password_hash, role) VALUES (?, ?, 'patient') - parameters:['pac.majo.fernández.hija.de.maría.alicia.domínguez863','$2b$10$anKWvl51uSLt8cXurZQ2l.CJ.cEvbQ7D8EvykJzVNro4FduUj776i']",
  fatal: false,
  errno: 1406,
  sqlState: '22001',
  code: 'ER_DATA_TOO_LONG'
}
[Audit Log Error] TypeError: Cannot read properties of undefined (reading 'username')
    at exports.logAction (/home/cima/Documentos/secretary-app/server/utils/audit.js:12:65)
    at exports.importContacts (/home/cima/Documentos/secretary-app/server/controllers/googleController.js:309:15)
    at process.processTicksAndRejections (node:internal/process/task_queues:105:5)
[updateDoctor] Updating doctor 3 {
  id: 3,
  office_number: '1',
  rental_type: 'monthly',
  rental_cost: '60000.00',
  consultation_price: '400.00',
  prescription_price: '600.00',
  medical_license_price: '400.00',
  virtual_consultation_price: '500.00'
}
